unique k-mers in dataset2:581866
overlap k-mers:184849